// Jest Snapshot v1, https://goo.gl/fbAQLP

exports[`Shades Component Factory Should create a nested component 1`] = `
<div
  style="display: flex;"
>
  <h1>
    Hi, I'm a header
  </h1>
  <p>
    paragraph... 
    a
    b
    c
  </p>
  <a
    href="https://google.com"
    target="_blank"
  >
    link
  </a>
</div>
`;

exports[`Shades Component Factory Should create a simple component 1`] = `
<div>
  test
</div>
`;
