// Jest Snapshot v1, https://goo.gl/fbAQLP

exports[`OData Integration Tests Metadata Root should match the snapshot 1`] = `
Object {
  "@odata.context": "http://localhost:8888/odata/$metadata",
  "value": Array [
    Object {
      "kind": "EntitySet",
      "name": "UserCollection",
      "url": "UserCollection",
    },
    Object {
      "kind": "EntitySet",
      "name": "Entity2Collection",
      "url": "Entity2Collection",
    },
  ],
}
`;

exports[`OData Integration Tests Metadata Should have metadata 1`] = `"<?xml version=\\"1.0\\" encoding=\\"utf-8\\"?><edmx:Edmx Version=\\"4.0\\" xmlns:edmx=\\"http://docs.oasis-open.org/odata/ns/edmx\\"><edmx:DataServices ><Schema xmlns=\\"http://docs.oasis-open.org/odata/ns/edm\\" Namespace=\\"default\\"><EntityType Name=\\"User\\"><Key ><PropertyRef Name=\\"id\\" /></Key><Property Name=\\"id\\" Type=\\"Edm.Int16\\" Nullable=\\"false\\" /><Property Name=\\"age\\" Type=\\"Edm.Int16\\" Nullable=\\"false\\" /><Property Name=\\"name\\" Type=\\"Edm.String\\" /><Property Name=\\"height\\" Type=\\"Edm.Double\\" /><NavigationProperty Name=\\"MyEntity2\\" Type=\\"default.Entity2\\" /></EntityType><EntityType Name=\\"Group\\"><Key ><PropertyRef Name=\\"id\\" /></Key><Property Name=\\"id\\" Type=\\"Edm.Int16\\" Nullable=\\"false\\" /><Property Name=\\"name\\" Type=\\"Edm.String\\" Nullable=\\"false\\" /><NavigationProperty Name=\\"memberIds\\" Type=\\"Collection(default.Group)\\" /></EntityType><EntityType Name=\\"Entity2\\"><Key ><PropertyRef Name=\\"guid\\" /></Key><Property Name=\\"guid\\" Type=\\"Edm.Guid\\" Nullable=\\"false\\" /><Property Name=\\"booleanValue\\" Type=\\"Edm.Boolean\\" /><Property Name=\\"complexValue\\" Type=\\"Edm.Unknown\\" Nullable=\\"false\\" /></EntityType><EntityContainer Name=\\"DefaultContainer\\"><EntitySet Name=\\"UserCollection\\" EntityType=\\"default.User\\" /><EntitySet Name=\\"Entity2Collection\\" EntityType=\\"default.Entity2\\" /></EntityContainer><Action Name=\\"globalAction1\\"></Action><Function Name=\\"globalFunction1\\"></Function><Action Name=\\"entity1CustomAction\\" IsBound=\\"true\\"><Parameter Name=\\"bindingParameter\\" Type=\\"Collection(default.User)\\" /></Action><Function Name=\\"entity1CustomFunction\\" IsBound=\\"true\\"><Parameter Name=\\"bindingParameter\\" Type=\\"Collection(default.User)\\" /></Function><Action Name=\\"entity2CustomAction\\" IsBound=\\"true\\"><Parameter Name=\\"bindingParameter\\" Type=\\"Collection(default.Entity2)\\" /></Action><Function Name=\\"entity2CustomFunction\\" IsBound=\\"true\\"><Parameter Name=\\"bindingParameter\\" Type=\\"Collection(default.Entity2)\\" /></Function></Schema></edmx:DataServices></edmx:Edmx>"`;
